Removed Pin From Net: NetName=5V Pin=J1-1
Removed Pin From Net: NetName=GND Pin=J1-4
Removed Pin From Net: NetName=NetQ1_3 Pin=Q3-2
Removed Pin From Net: NetName=VOUT Pin=Q3-3
Removed Pin From Net: NetName=VOUT Pin=R11-1
Removed Pin From Net: NetName=GND Pin=R11-2
Removed Pin From Net: NetName=5V Pin=R20-1
Removed Pin From Net: NetName=NetQ1_3 Pin=R20-2
Removed Pin From Net: NetName=GND Pin=R28-1
Removed Pin From Net: NetName=5V Pin=R51-1
Removed Pin From Net: NetName=NetQ1_3 Pin=R51-2
Removed Member From Class: ClassName=EE311_Example_Boost_Sch Member=J1
Removed Member From Class: ClassName=EE311_Example_Boost_Sch Member=R11
Removed Member From Class: ClassName=EE311_Example_Boost_Sch Member=R20
Removed Member From Class: ClassName=EE311_Example_Boost_Sch Member=R28
Removed Member From Class: ClassName=EE311_Example_Boost_Sch Member=R51
Added Component: Designator=C54(0805 CAP)
Add component (AddParameter): Name = "Value"; Value = ""; VariantName = "[No Variations]"
Added Component: Designator=C55(0805 CAP)
Add component (AddParameter): Name = "Value"; Value = ""; VariantName = "[No Variations]"
Added Component: Designator=C77(0805 CAP)
Add component (AddParameter): Name = "Value"; Value = ""; VariantName = "[No Variations]"
Added Pin To Net: NetName=vbin Pin=C54-1
Added Pin To Net: NetName=GND Pin=C54-2
Added Pin To Net: NetName=POSITIVE Pin=C55-1
Added Pin To Net: NetName=GND Pin=C55-2
Added Pin To Net: NetName=NetR26_2 Pin=C77-1
Added Pin To Net: NetName=GND Pin=C77-2
Added Pin To Net: NetName=GND Pin=C200-2
Added Pin To Net: NetName=VOUT Pin=Q3-2
Added Pin To Net: NetName=NetQ1_3 Pin=Q3-3
Added Pin To Net: NetName=GND Pin=U5-6
Added Pin To Net: NetName=GND Pin=U5-7
Added Pin To Net: NetName=GND Pin=U5-11
Added Pin To Net: NetName=GND Pin=U5-12
Added Pin To Net: NetName=GND Pin=U5-14
Added Pin To Net: NetName=GND Pin=U5-15
Change Net Name : Old Net Name=NetR26_2 New Net Name=NetC77_1
Change Class Name : Old Net Name=EE311_Example_Boost_Sch New Net Name=EE311_Charger
Added Member To Class: ClassName=EE311_Charger Member=Component C54 0.0001
Added Member To Class: ClassName=EE311_Charger Member=Component C55 0.0001
Added Member To Class: ClassName=EE311_Charger Member=Component C77 0.0001
